Component: ARM Compiler 5.06 update 7 (build 960) Tool: armlink [4d3601]

==============================================================================

Section Cross References

    main.o(.text) refers to delay.o(.text) for delay_init
    main.o(.text) refers to misc.o(.text) for NVIC_PriorityGroupConfig
    main.o(.text) refers to usart.o(.text) for uart_init
    main.o(.text) refers to led.o(.text) for LED_Init
    main.o(.text) refers to hw_config.o(.text) for USB_Port_Set
    main.o(.text) refers to usb_init.o(.text) for USB_Init
    main.o(.text) refers to usb_pwr.o(.data) for bDeviceState
    main.o(.text) refers to hw_config.o(.data) for USB_USART_RX_STA
    main.o(.text) refers to hw_config.o(.bss) for USB_USART_RX_BUF
    system_stm32f10x.o(.text) refers to system_stm32f10x.o(.data) for SystemCoreClock
    led.o(.text) refers to stm32f10x_rcc.o(.text) for RCC_APB2PeriphClockCmd
    led.o(.text) refers to stm32f10x_gpio.o(.text) for GPIO_Init
    key.o(.text) refers to stm32f10x_rcc.o(.text) for RCC_APB2PeriphClockCmd
    key.o(.text) refers to stm32f10x_gpio.o(.text) for GPIO_Init
    key.o(.text) refers to delay.o(.text) for delay_ms
    key.o(.text) refers to key.o(.data) for key_up
    delay.o(.text) refers to misc.o(.text) for SysTick_CLKSourceConfig
    delay.o(.text) refers to system_stm32f10x.o(.data) for SystemCoreClock
    delay.o(.text) refers to delay.o(.data) for fac_us
    usart.o(.text) refers (Special) to use_no_semi_2.o(.text) for __use_no_semihosting
    usart.o(.text) refers to stm32f10x_rcc.o(.text) for RCC_APB2PeriphClockCmd
    usart.o(.text) refers to stm32f10x_gpio.o(.text) for GPIO_Init
    usart.o(.text) refers to misc.o(.text) for NVIC_Init
    usart.o(.text) refers to stm32f10x_usart.o(.text) for USART_Init
    usart.o(.text) refers to usart.o(.data) for USART_RX_STA
    usart.o(.text) refers to usart.o(.bss) for USART_RX_BUF
    usart.o(.bss) refers (Special) to use_no_semi_2.o(.text) for __use_no_semihosting
    usart.o(.data) refers (Special) to use_no_semi_2.o(.text) for __use_no_semihosting
    startup_stm32f10x_md.o(STACK) refers (Special) to heapauxi.o(.text) for __use_two_region_memory
    startup_stm32f10x_md.o(HEAP) refers (Special) to heapauxi.o(.text) for __use_two_region_memory
    startup_stm32f10x_md.o(RESET) refers (Special) to heapauxi.o(.text) for __use_two_region_memory
    startup_stm32f10x_md.o(RESET) refers to startup_stm32f10x_md.o(STACK) for __initial_sp
    startup_stm32f10x_md.o(RESET) refers to startup_stm32f10x_md.o(.text) for Reset_Handler
    startup_stm32f10x_md.o(RESET) refers to stm32f10x_it.o(.text) for NMI_Handler
    startup_stm32f10x_md.o(RESET) refers to hw_config.o(.text) for USB_LP_CAN1_RX0_IRQHandler
    startup_stm32f10x_md.o(RESET) refers to usart.o(.text) for USART1_IRQHandler
    startup_stm32f10x_md.o(.text) refers (Special) to heapauxi.o(.text) for __use_two_region_memory
    startup_stm32f10x_md.o(.text) refers to system_stm32f10x.o(.text) for SystemInit
    startup_stm32f10x_md.o(.text) refers to __main.o(!!!main) for __main
    startup_stm32f10x_md.o(.text) refers to startup_stm32f10x_md.o(HEAP) for Heap_Mem
    startup_stm32f10x_md.o(.text) refers to startup_stm32f10x_md.o(STACK) for Stack_Mem
    stm32f10x_gpio.o(.text) refers to stm32f10x_rcc.o(.text) for RCC_APB2PeriphResetCmd
    stm32f10x_rcc.o(.text) refers to stm32f10x_rcc.o(.data) for APBAHBPrescTable
    stm32f10x_usart.o(.text) refers to stm32f10x_rcc.o(.text) for RCC_APB2PeriphResetCmd
    usb_core.o(.text) refers to usb_regs.o(.text) for ClearDTOG_TX
    usb_core.o(.text) refers to usb_init.o(.data) for pInformation
    usb_core.o(.text) refers to usb_prop.o(.data) for Device_Table
    usb_core.o(.text) refers to usb_core.o(.data) for StatusInfo
    usb_core.o(.text) refers to usb_mem.o(.text) for PMAToUserBufferCopy
    usb_core.o(.text) refers to usb_int.o(.data) for SaveRState
    usb_init.o(.text) refers to usb_init.o(.bss) for Device_Info
    usb_init.o(.text) refers to usb_init.o(.data) for pInformation
    usb_init.o(.text) refers to usb_prop.o(.data) for Device_Property
    usb_int.o(.text) refers to usb_core.o(.text) for In0_Process
    usb_int.o(.text) refers to usb_istr.o(.data) for wIstr
    usb_int.o(.text) refers to usb_init.o(.data) for EPindex
    usb_int.o(.text) refers to usb_int.o(.data) for SaveRState
    usb_sil.o(.text) refers to usb_regs.o(.text) for GetEPTxAddr
    usb_sil.o(.text) refers to usb_mem.o(.text) for UserToPMABufferCopy
    usb_sil.o(.text) refers to usb_init.o(.data) for wInterrupt_Mask
    hw_config.o(.text) refers to _printf_percent.o(.ARM.Collect$$_printf_percent$$00000000) for _printf_percent
    hw_config.o(.text) refers to _printf_d.o(.ARM.Collect$$_printf_percent$$00000009) for _printf_d
    hw_config.o(.text) refers to _printf_dec.o(.text) for _printf_int_dec
    hw_config.o(.text) refers to stm32f10x_exti.o(.text) for EXTI_ClearITPendingBit
    hw_config.o(.text) refers to usb_istr.o(.text) for USB_Istr
[...]
    .text                                    0x080006fc   Section        0  usart.o(.text)
    .text                                    0x0800083c   Section       64  startup_stm32f10x_md.o(.text)
    .text                                    0x0800087c   Section        0  misc.o(.text)
    .text                                    0x08000958   Section        0  stm32f10x_gpio.o(.text)
    .text                                    0x08000cb4   Section        0  stm32f10x_rcc.o(.text)
    .text                                    0x08001058   Section        0  stm32f10x_usart.o(.text)
    .text                                    0x08001460   Section        0  stm32f10x_exti.o(.text)
    .text                                    0x0800157c   Section        0  usb_core.o(.text)
    DataStageOut                             0x080019bb   Thumb Code   166  usb_core.o(.text)
    DataStageIn                              0x08001a61   Thumb Code   166  usb_core.o(.text)
    NoData_Setup0                            0x08001b07   Thumb Code   290  usb_core.o(.text)
    Data_Setup0                              0x08001c29   Thumb Code   678  usb_core.o(.text)
    .text                                    0x080020cc   Section        0  usb_init.o(.text)
    .text                                    0x08002108   Section        0  usb_int.o(.text)
    .text                                    0x08002444   Section        0  usb_mem.o(.text)
    .text                                    0x080024a0   Section        0  usb_regs.o(.text)
    .text                                    0x08002ca8   Section        0  usb_sil.o(.text)
    .text                                    0x08002d28   Section        0  hw_config.o(.text)
    .text                                    0x080030ac   Section        0  usb_endp.o(.text)
    .text                                    0x08003188   Section        0  usb_istr.o(.text)
    .text                                    0x08003358   Section        0  usb_prop.o(.text)
    .text                                    0x08003598   Section        0  usb_pwr.o(.text)
    .text                                    0x08003770   Section        2  use_no_semi_2.o(.text)
    .text                                    0x08003774   Section        0  c89vsprintf.o(.text)
    .text                                    0x08003798   Section        0  __2printf.o(.text)
    .text                                    0x080037b0   Section        0  _printf_dec.o(.text)
    .text                                    0x08003828   Section        0  __printf_flags_ss_wp.o(.text)
    .text                                    0x080039b0   Section        0  strlen.o(.text)
    .text                                    0x080039ee   Section        0  heapauxi.o(.text)
    .text                                    0x080039f4   Section        2  use_no_semi.o(.text)
    .text                                    0x080039f6   Section        0  _printf_pad.o(.text)
    .text                                    0x08003a44   Section        0  _printf_truncate.o(.text)
    .text                                    0x08003a68   Section        0  _printf_str.o(.text)
    .text                                    0x08003aba   Section        0  _printf_intcommon.o(.text)
    .text                                    0x08003b6c   Section        0  _printf_charcount.o(.text)
    .text                                    0x08003b94   Section        0  _printf_char_common.o(.text)
    _printf_input_char                       0x08003b95   Thumb Code    10  _printf_char_common.o(.text)
    .text                                    0x08003bc4   Section        0  _sputc.o(.text)
    .text                                    0x08003bd0   Section        0  _printf_char_file.o(.text)
    .text                                    0x08003bf4   Section        0  _printf_wctomb.o(.text)
    .text                                    0x08003cb0   Section        0  _printf_longlong_dec.o(.text)
    .text                                    0x08003d2c   Section        0  _printf_oct_int_ll.o(.text)
    _printf_longlong_oct_internal            0x08003d2d   Thumb Code     0  _printf_oct_int_ll.o(.text)
    .text                                    0x08003d9c   Section        0  _printf_hex_int_ll_ptr.o(.text)
    _printf_hex_common                       0x08003d9d   Thumb Code     0  _printf_hex_int_ll_ptr.o(.text)
    .text                                    0x08003e30   Section      138  lludiv10.o(.text)
    .text                                    0x08003eba   Section        0  _printf_fp_dec.o(.text)
    _fp_digits                               0x08003ebd   Thumb Code   432  _printf_fp_dec.o(.text)
    .text                                    0x080042d8   Section        0  _printf_char.o(.text)
    .text                                    0x08004304   Section        0  _printf_wchar.o(.text)
    .text                                    0x08004330   Section        0  ferror.o(.text)
    .text                                    0x08004338   Section        0  _wcrtomb.o(.text)
    .text                                    0x08004378   Section       74  sys_stackheap_outer.o(.text)
    .text                                    0x080043c4   Section       16  rt_ctype_table.o(.text)
    .text                                    0x080043d4   Section        8  rt_locale_intlibspace.o(.text)
    .text                                    0x080043dc   Section        0  _printf_fp_infnan.o(.text)
    .text                                    0x0800445c   Section        0  bigflt0.o(.text)
    .text                                    0x08004540   Section        0  exit.o(.text)
    .text                                    0x08004554   Section        8  libspace.o(.text)
    .text                                    0x0800455c   Section      128  strcmpv7m.o(.text)
    CL$$btod_d2e                             0x080045dc   Section       62  btod.o(CL$$btod_d2e)
    CL$$btod_d2e_denorm_low                  0x0800461a   Section       70  btod.o(CL$$btod_d2e_denorm_low)
    CL$$btod_d2e_norm_op1                    0x08004660   Section       96  btod.o(CL$$btod_d2e_norm_op1)
    CL$$btod_div_common                      0x080046c0   Section      824  btod.o(CL$$btod_div_common)
    CL$$btod_e2e                             0x080049f8   Section      220  btod.o(CL$$btod_e2e)
    CL$$btod_ediv                            0x08004ad4   Section       42  btod.o(CL$$btod_ediv)
    CL$$btod_emul                            0x08004afe   Section       42  btod.o(CL$$btod_emul)
    CL$$btod_mult_common                     0x08004b28   Section      580  btod.o(CL$$btod_mult_common)
    i.__ARM_fpclassify                       0x08004d6c   Section        0  fpclassify.o(i.__ARM_fpclassify)
    i._is_digit                              0x08004d94   Section        0  __printf_wp.o(i._is_digit)
    locale$$code                             0x08004da4   Section       44  lc_numeric_c.o(locale$$code)
    locale$$code                             0x08004dd0   Section       44  lc_ctype_c.o(locale$$code)
    x$fpl$printf1                            0x08004dfc   Section        4  printf1.o(x$fpl$printf1)
    .constdata                               0x08004e00   Section      177  usb_desc.o(.constdata)
    x$fpl$usenofp                            0x08004e00   Section        0  usenofp.o(x$fpl$usenofp)
    .constdata                               0x08004eb1   Section       17  __printf_flags_ss_wp.o(.constdata)
    maptable                                 0x08004eb1   Data          17  __printf_flags_ss_wp.o(.constdata)
    .constdata                               0x08004ec4   Section        8  _printf_wctomb.o(.constdata)
    initial_mbstate                          0x08004ec4   Data           8  _printf_wctomb.o(.constdata)
    .constdata                               0x08004ecc   Section       40  _printf_hex_int_ll_ptr.o(.constdata)
    uc_hextab                                0x08004ecc   Data          20  _printf_hex_int_ll_ptr.o(.constdata)
    lc_hextab                                0x08004ee0   Data          20  _printf_hex_int_ll_ptr.o(.constdata)
    .constdata                               0x08004ef4   Section      148  bigflt0.o(.constdata)
    tenpwrs_x                                0x08004ef4   Data          60  bigflt0.o(.constdata)
    tenpwrs_i                                0x08004f30   Data          64  bigflt0.o(.constdata)
    locale$$data                             0x08004fa8   Section       28  lc_numeric_c.o(locale$$data)
    __lcnum_c_name                           0x08004fac   Data           2  lc_numeric_c.o(locale$$data)
    __lcnum_c_start                          0x08004fb4   Data           0  lc_numeric_c.o(locale$$data)
    __lcnum_c_point                          0x08004fc0   Data           0  lc_numeric_c.o(locale$$data)
    __lcnum_c_thousands                      0x08004fc2   Data           0  lc_numeric_c.o(locale$$data)
    __lcnum_c_grouping                       0x08004fc3   Data           0  lc_numeric_c.o(locale$$data)
    locale$$data                             0x08004fc4   Section      272  lc_ctype_c.o(locale$$data)
    __lcnum_c_end                            0x08004fc4   Data           0  lc_numeric_c.o(locale$$data)
    __lcctype_c_name                         0x08004fc8   Data           2  lc_ctype_c.o(locale$$data)
    __lcctype_c_start                        0x08004fd0   Data           0  lc_ctype_c.o(locale$$data)
    __lcctype_c_end                          0x080050d4   Data           0  lc_ctype_c.o(locale$$data)
    .data                                    0x20000000   Section       20  system_stm32f10x.o(.data)
    .data                                    0x20000014   Section        4  delay.o(.data)
    fac_us                                   0x20000014   Data           1  delay.o(.data)
    fac_ms                                   0x20000016   Data           2  delay.o(.data)
    .data                                    0x20000018   Section        6  usart.o(.data)
    .data                                    0x2000001e   Section       20  stm32f10x_rcc.o(.data)
    APBAHBPrescTable                         0x2000001e   Data          16  stm32f10x_rcc.o(.data)
    ADCPrescTable                            0x2000002e   Data           4  stm32f10x_rcc.o(.data)
    .data                                    0x20000032   Section        3  usb_core.o(.data)
    .data                                    0x20000038   Section       20  usb_init.o(.data)
    .data                                    0x2000004c   Section        4  usb_int.o(.data)
    .data                                    0x20000050   Section        2  hw_config.o(.data)
    .data                                    0x20000052   Section       26  usb_desc.o(.data)
    .data                                    0x2000006c   Section        4  usb_endp.o(.data)
    FrameCount                               0x2000006c   Data           4  usb_endp.o(.data)
    .data                                    0x20000070   Section       68  usb_istr.o(.data)
    .data                                    0x200000b4   Section      148  usb_prop.o(.data)
    .data                                    0x20000148   Section       12  usb_pwr.o(.data)
    .bss                                     0x20000154   Section      200  usart.o(.bss)
    .bss                                     0x2000021c   Section       28  usb_init.o(.bss)
    .bss                                     0x20000238   Section     1428  hw_config.o(.bss)
    .bss                                     0x200007cc   Section       64  usb_endp.o(.bss)
    .bss                                     0x2000080c   Section       32  usb_pwr.o(.bss)
    .bss                                     0x2000082c   Section       96  libspace.o(.bss)
    HEAP                                     0x20000890   Section      512  startup_stm32f10x_md.o(HEAP)
    Heap_Mem                                 0x20000890   Data         512  startup_stm32f10x_md.o(HEAP)
    STACK                                    0x20000a90   Section     1024  startup_stm32f10x_md.o(STACK)
    Stack_Mem                                0x20000a90   Data        1024  startup_stm32f10x_md.o(STACK)
    __initial_sp                             0x20000e90   Data           0  startup_stm32f10x_md.o(STACK)

    Global Symbols

    Symbol Name                              Value     Ov Type        Size  Object(Section)

    BuildAttributes$$THM_ISAv4$P$D$K$B$S$PE$A:L22UL41UL21$X:L11$S22US41US21$IEEE1$IW$USESV6$~STKCKD$USESV7$~SHL$OTIME$ROPI$IEEEJ$EBA8$UX$STANDARDLIB$REQ8$PRES8$EABIv2 0x00000000   Number         0  anon$$obj.o ABSOLUTE
    __ARM_use_no_argv                        0x00000000   Number         0  main.o ABSOLUTE
    _printf_flags                            0x00000000   Number         0  printf_stubs.o ABSOLUTE
    _printf_return_value                     0x00000000   Number         0  printf_stubs.o ABSOLUTE
    _printf_sizespec                         0x00000000   Number         0  printf_stubs.o ABSOLUTE
    _printf_widthprec                        0x00000000   Number         0  printf_stubs.o ABSOLUTE
    __ARM_exceptions_init                     - Undefined Weak Reference
    __alloca_initialize                       - Undefined Weak Reference
    __arm_fini_                               - Undefined Weak Reference
    __arm_preinit_                            - Undefined Weak Reference
    __cpp_initialize__aeabi_                  - Undefined Weak Reference
    __cxa_finalize                            - Undefined Weak Reference
    __sigvec_lookup                           - Undefined Weak Reference
    _atexit_init                              - Undefined Weak Reference
    _call_atexit_fns                          - Undefined Weak Reference
    _clock_init                               - Undefined Weak Reference
    _fp_trap_init                             - Undefined Weak Reference
    _fp_trap_shutdown                         - Undefined Weak Reference
    _get_lc_collate                           - Undefined Weak Reference
    _get_lc_monetary                          - Undefined Weak Reference
    _get_lc_time                              - Undefined Weak Reference
    _getenv_init                              - Undefined Weak Reference
    _handle_redirection                       - Undefined Weak Reference
    _init_alloc                               - Undefined Weak Reference
    _init_user_alloc                          - Undefined Weak Reference
    _initio                                   - Undefined Weak Reference
    _mutex_acquire                            - Undefined Weak Reference
    _mutex_release                            - Undefined Weak Reference
    _printf_fp_hex                            - Undefined Weak Reference
    _printf_mbtowc                            - Undefined Weak Reference
    _printf_wc                                - Undefined Weak Reference
    _rand_init                                - Undefined Weak Reference
    _signal_finish                            - Undefined Weak Reference
    _signal_init                              - Undefined Weak Reference
    _terminate_alloc                          - Undefined Weak Reference
    _terminate_user_alloc                     - Undefined Weak Reference
    _terminateio                              - Undefined Weak Reference
    __Vectors_Size                           0x000000ec   Number         0  startup_stm32f10x_md.o ABSOLUTE
    __Vectors                                0x08000000   Data           4  startup_stm32f10x_md.o(RESET)
    __Vectors_End                            0x080000ec   Data           0  startup_stm32f10x_md.o(RESET)
    __main                                   0x080000ed   Thumb Code     8  __main.o(!!!main)
    __scatterload                            0x080000f5   Thumb Code     0  __scatter.o(!!!scatter)
    __scatterload_rt2                        0x080000f5   Thumb Code    44  __scatter.o(!!!scatter)
    __scatterload_rt2_thumb_only             0x080000f5   Thumb Code     0  __scatter.o(!!!scatter)
    __scatterload_null                       0x08000103   Thumb Code     0  __scatter.o(!!!scatter)
    __decompress                             0x08000129   Thumb Code    90  __dczerorl2.o(!!dczerorl2)
    __decompress1                            0x08000129   Thumb Code     0  __dczerorl2.o(!!dczerorl2)
    __scatterload_zeroinit                   0x08000185   Thumb Code    28  __scatter_zi.o(!!handler_zi)
    _printf_n                                0x080001a1   Thumb Code     0  _printf_n.o(.ARM.Collect$$_printf_percent$$00000001)
    _printf_percent                          0x080001a1   Thumb Code     0  _printf_percent.o(.ARM.Collect$$_printf_percent$$00000000)
    _printf_p                                0x080001a7   Thumb Code     0  _printf_p.o(.ARM.Collect$$_printf_percent$$00000002)
    _printf_f                                0x080001ad   Thumb Code     0  _printf_f.o(.ARM.Collect$$_printf_percent$$00000003)
    _printf_e                                0x080001b3   Thumb Code     0  _printf_e.o(.ARM.Collect$$_printf_percent$$00000004)
    _printf_g                                0x080001b9   Thumb Code     0  _printf_g.o(.ARM.Collect$$_printf_percent$$00000005)
    _printf_a                                0x080001bf   Thumb Code     0  _printf_a.o(.ARM.Collect$$_printf_percent$$00000006)
    _printf_ll                               0x080001c5   Thumb Code     0  _printf_ll.o(.ARM.Collect$$_printf_percent$$00000007)
    _printf_i                                0x080001cf   Thumb Code     0  _printf_i.o(.ARM.Collect$$_printf_percent$$00000008)
    _printf_d                                0x080001d5   Thumb Code     0  _printf_d.o(.ARM.Collect$$_printf_percent$$00000009)
    _printf_u                                0x080001db   Thumb Code     0  _printf_u.o(.ARM.Collect$$_printf_percent$$0000000A)
    _printf_o                                0x080001e1   Thumb Code     0  _printf_o.o(.ARM.Collect$$_printf_percent$$0000000B)
    _printf_x                                0x080001e7   Thumb Code     0  _printf_x.o(.ARM.Collect$$_printf_percent$$0000000C)
    _printf_lli                              0x080001ed   Thumb Code     0  _printf_lli.o(.ARM.Collect$$_printf_percent$$0000000D)
    _printf_lld                              0x080001f3   Thumb Code     0  _printf_lld.o(.ARM.Collect$$_printf_percent$$0000000E)
    _printf_llu                              0x080001f9   Thumb Code     0  _printf_llu.o(.ARM.Collect$$_printf_percent$$0000000F)
    _printf_llo                              0x080001ff   Thumb Code     0  _printf_llo.o(.ARM.Collect$$_printf_percent$$00000010)
    _printf_llx                              0x08000205   Thumb Code     0  _printf_llx.o(.ARM.Collect$$_printf_percent$$00000011)
    _printf_l                                0x0800020b   Thumb Code     0  _printf_l.o(.ARM.Collect$$_printf_percent$$00000012)
    _printf_c                                0x08000215   Thumb Code     0  _printf_c.o(.ARM.Collect$$_printf_percent$$00000013)
    _printf_s                                0x0800021b   Thumb Code     0  _printf_s.o(.ARM.Collect$$_printf_percent$$00000014)
    _printf_lc                               0x08000221   Thumb Code     0  _printf_lc.o(.ARM.Collect$$_printf_percent$$00000015)
    _printf_ls                               0x08000227   Thumb Code     0  _printf_ls.o(.ARM.Collect$$_printf_percent$$00000016)
    _printf_percent_end                      0x0800022d   Thumb Code     0  _printf_percent_end.o(.ARM.Collect$$_printf_percent$$00000017)
    __rt_lib_init                            0x08000231   Thumb Code     0  libinit.o(.ARM.Collect$$libinit$$00000000)
    __rt_lib_init_fp_1                       0x08000233   Thumb Code     0  libinit2.o(.ARM.Collect$$libinit$$00000002)
    __rt_lib_init_heap_1                     0x08000233   Thumb Code     0  libinit2.o(.ARM.Collect$$libinit$$0000000A)
    __rt_lib_init_lc_common                  0x08000233   Thumb Code     0  libinit2.o(.ARM.Collect$$libinit$$0000000F)
    __rt_lib_init_preinit_1                  0x08000233   Thumb Code     0  libinit2.o(.ARM.Collect$$libinit$$00000004)
    __rt_lib_init_rand_1                     0x08000233   Thumb Code     0  libinit2.o(.ARM.Collect$$libinit$$0000000E)
    __rt_lib_init_user_alloc_1               0x08000233   Thumb Code     0  libinit2.o(.ARM.Collect$$libinit$$0000000C)
    __rt_lib_init_lc_collate_1               0x08000239   Thumb Code     0  libinit2.o(.ARM.Collect$$libinit$$00000011)
    __rt_lib_init_lc_ctype_2                 0x08000239   Thumb Code     0  libinit2.o(.ARM.Collect$$libinit$$00000012)
    __rt_lib_init_lc_ctype_1                 0x08000245   Thumb Code     0  libinit2.o(.ARM.Collect$$libinit$$00000013)
    __rt_lib_init_lc_monetary_1              0x08000245   Thumb Code     0  libinit2.o(.ARM.Collect$$libinit$$00000015)
    __rt_lib_init_lc_numeric_2               0x08000245   Thumb Code     0  libinit2.o(.ARM.Collect$$libinit$$00000016)
    __rt_lib_init_alloca_1                   0x0800024f   Thumb Code     0  libinit2.o(.ARM.Collect$$libinit$$0000002E)
    __rt_lib_init_argv_1                     0x0800024f   Thumb Code     0  libinit2.o(.ARM.Collect$$libinit$$0000002C)
    __rt_lib_init_atexit_1                   0x0800024f   Thumb Code     0  libinit2.o(.ARM.Collect$$libinit$$0000001B)
    __rt_lib_init_clock_1                    0x0800024f   Thumb Code     0  libinit2.o(.ARM.Collect$$libinit$$00000021)
    __rt_lib_init_cpp_1                      0x0800024f   Thumb Code     0  libinit2.o(.ARM.Collect$$libinit$$00000032)
    __rt_lib_init_exceptions_1               0x0800024f   Thumb Code     0  libinit2.o(.ARM.Collect$$libinit$$00000030)
    __rt_lib_init_fp_trap_1                  0x0800024f   Thumb Code     0  libinit2.o(.ARM.Collect$$libinit$$0000001F)
    __rt_lib_init_getenv_1                   0x0800024f   Thumb Code     0  libinit2.o(.ARM.Collect$$libinit$$00000023)
    __rt_lib_init_lc_numeric_1               0x0800024f   Thumb Code     0  libinit2.o(.ARM.Collect$$libinit$$00000017)
    __rt_lib_init_lc_time_1                  0x0800024f   Thumb Code     0  libinit2.o(.ARM.Collect$$libinit$$00000019)
    __rt_lib_init_return                     0x0800024f   Thumb Code     0  libinit2.o(.ARM.Collect$$libinit$$00000033)
    __rt_lib_init_signal_1                   0x0800024f   Thumb Code     0  libinit2.o(.ARM.Collect$$libinit$$0000001D)
    __rt_lib_init_stdio_1                    0x0800024f   Thumb Code     0  libinit2.o(.ARM.Collect$$libinit$$00000025)
    __rt_lib_shutdown                        0x08000251   Thumb Code     0  libshutdown.o(.ARM.Collect$$libshutdown$$00000000)
    __rt_lib_shutdown_cpp_1                  0x08000253   Thumb Code     0  libshutdown2.o(.ARM.Collect$$libshutdown$$00000004)
    __rt_lib_shutdown_fini_1                 0x08000253   Thumb Code     0  libshutdown2.o(.ARM.Collect$$libshutdown$$00000002)
    __rt_lib_shutdown_fp_trap_1              0x08000253   Thumb Code     0  libshutdown2.o(.ARM.Collect$$libshutdown$$00000009)
    __rt_lib_shutdown_heap_1                 0x08000253   Thumb Code     0  libshutdown2.o(.ARM.Collect$$libshutdown$$00000011)
    __rt_lib_shutdown_return                 0x08000253   Thumb Code     0  libshutdown2.o(.ARM.Collect$$libshutdown$$00000012)
    __rt_lib_shutdown_signal_1               0x08000253   Thumb Code     0  libshutdown2.o(.ARM.Collect$$libshutdown$$0000000C)
    __rt_lib_shutdown_stdio_1                0x08000253   Thumb Code     0  libshutdown2.o(.ARM.Collect$$libshutdown$$00000006)
    __rt_lib_shutdown_user_alloc_1           0x08000253   Thumb Code     0  libshutdown2.o(.ARM.Collect$$libshutdown$$0000000E)
    __rt_entry                               0x08000255   Thumb Code     0  __rtentry.o(.ARM.Collect$$rtentry$$00000000)
    __rt_entry_presh_1                       0x08000255   Thumb Code     0  __rtentry2.o(.ARM.Collect$$rtentry$$00000002)
    __rt_entry_sh                            0x08000255   Thumb Code     0  __rtentry4.o(.ARM.Collect$$rtentry$$00000004)
    __rt_entry_li                            0x0800025b   Thumb Code     0  __rtentry2.o(.ARM.Collect$$rtentry$$0000000A)
    __rt_entry_postsh_1                      0x0800025b   Thumb Code     0  __rtentry2.o(.ARM.Collect$$rtentry$$00000009)
    __rt_entry_main                          0x0800025f   Thumb Code     0  __rtentry2.o(.ARM.Collect$$rtentry$$0000000D)
    __rt_entry_postli_1                      0x0800025f   Thumb Code     0  __rtentry2.o(.ARM.Collect$$rtentry$$0000000C)
    __rt_exit                                0x08000267   Thumb Code     0  rtexit.o(.ARM.Collect$$rtexit$$00000000)
    __rt_exit_ls                             0x08000269   Thumb Code     0  rtexit2.o(.ARM.Collect$$rtexit$$00000003)
    __rt_exit_prels_1                        0x08000269   Thumb Code     0  rtexit2.o(.ARM.Collect$$rtexit$$00000002)
    __rt_exit_exit                           0x0800026d   Thumb Code     0  rtexit2.o(.ARM.Collect$$rtexit$$00000004)
    main                                     0x08000275   Thumb Code   246  main.o(.text)
    NMI_Handler                              0x080003f5   Thumb Code     2  stm32f10x_it.o(.text)
    HardFault_Handler                        0x080003f7   Thumb Code     4  stm32f10x_it.o(.text)
    MemManage_Handler                        0x080003fb   Thumb Code     4  stm32f10x_it.o(.text)
    BusFault_Handler                         0x080003ff   Thumb Code     4  stm32f10x_it.o(.text)
    UsageFault_Handler                       0x08000403   Thumb Code     4  stm32f10x_it.o(.text)
    SVC_Handler                              0x08000407   Thumb Code     2  stm32f10x_it.o(.text)
    DebugMon_Handler                         0x08000409   Thumb Code     2  stm32f10x_it.o(.text)
    PendSV_Handler                           0x0800040b   Thumb Code     2  stm32f10x_it.o(.text)
    SysTick_Handler                          0x0800040d   Thumb Code     2  stm32f10x_it.o(.text)
    SystemInit                               0x080004ef   Thumb Code    78  system_stm32f10x.o(.text)
    SystemCoreClockUpdate                    0x0800053d   Thumb Code   142  system_stm32f10x.o(.text)
    LED_Init                                 0x080005f1   Thumb Code    50  led.o(.text)
    delay_init                               0x08000629   Thumb Code    50  delay.o(.text)
    delay_us                                 0x0800065b   Thumb Code    72  delay.o(.text)
    delay_ms                                 0x080006a3   Thumb Code    72  delay.o(.text)
    _sys_exit                                0x080006fd   Thumb Code     6  usart.o(.text)
    fputc                                    0x08000703   Thumb Code    24  usart.o(.text)
    uart_init                                0x0800071b   Thumb Code   152  usart.o(.text)
    USART1_IRQHandler                        0x080007b3   Thumb Code   122  usart.o(.text)
    Reset_Handler                            0x0800083d   Thumb Code     8  startup_stm32f10x_md.o(.text)
    ADC1_2_IRQHandler                        0x08000857   Thumb Code     0  startup_stm32f10x_md.o(.text)
    CAN1_RX1_IRQHandler                      0x08000857   Thumb Code     0  startup_stm32f10x_md.o(.text)
    CAN1_SCE_IRQHandler                      0x08000857   Thumb Code     0  startup_stm32f10x_md.o(.text)
    DMA1_Channel1_IRQHandler                 0x08000857   Thumb Code     0  startup_stm32f10x_md.o(.text)
    DMA1_Channel2_IRQHandler                 0x08000857   Thumb Code     0  startup_stm32f10x_md.o(.text)
    DMA1_Channel3_IRQHandler                 0x08000857   Thumb Code     0  startup_stm32f10x_md.o(.text)
    DMA1_Channel4_IRQHandler                 0x08000857   Thumb Code     0  startup_stm32f10x_md.o(.text)
    DMA1_Channel5_IRQHandler                 0x08000857   Thumb Code     0  startup_stm32f10x_md.o(.text)
    DMA1_Channel6_IRQHandler                 0x08000857   Thumb Code     0  startup_stm32f10x_md.o(.text)
    DMA1_Channel7_IRQHandler                 0x08000857   Thumb Code     0  startup_stm32f10x_md.o(.text)
    EXTI0_IRQHandler                         0x08000857   Thumb Code     0  startup_stm32f10x_md.o(.text)
    EXTI15_10_IRQHandler                     0x08000857   Thumb Code     0  startup_stm32f10x_md.o(.text)
    EXTI1_IRQHandler                         0x08000857   Thumb Code     0  startup_stm32f10x_md.o(.text)
    EXTI2_IRQHandler                         0x08000857   Thumb Code     0  startup_stm32f10x_md.o(.text)
    EXTI3_IRQHandler                         0x08000857   Thumb Code     0  startup_stm32f10x_md.o(.text)
    EXTI4_IRQHandler                         0x08000857   Thumb Code     0  startup_stm32f10x_md.o(.text)
    EXTI9_5_IRQHandler                       0x08000857   Thumb Code     0  startup_stm32f10x_md.o(.text)
    FLASH_IRQHandler                         0x08000857   Thumb Code     0  startup_stm32f10x_md.o(.text)
    I2C1_ER_IRQHandler                       0x08000857   Thumb Code     0  startup_stm32f10x_md.o(.text)
    I2C1_EV_IRQHandler                       0x08000857   Thumb Code     0  startup_stm32f10x_md.o(.text)
    I2C2_ER_IRQHandler                       0x08000857   Thumb Code     0  startup_stm32f10x_md.o(.text)
    I2C2_EV_IRQHandler                       0x08000857   Thumb Code     0  startup_stm32f10x_md.o(.text)
    PVD_IRQHandler                           0x08000857   Thumb Code     0  startup_stm32f10x_md.o(.text)
    RCC_IRQHandler                           0x08000857   Thumb Code     0  startup_stm32f10x_md.o(.text)
    RTCAlarm_IRQHandler                      0x08000857   Thumb Code     0  startup_stm32f10x_md.o(.text)
    RTC_IRQHandler                           0x08000857   Thumb Code     0  startup_stm32f10x_md.o(.text)
    SPI1_IRQHandler                          0x08000857   Thumb Code     0  startup_stm32f10x_md.o(.text)
    SPI2_IRQHandler                          0x08000857   Thumb Code     0  startup_stm32f10x_md.o(.text)
    TAMPER_IRQHandler                        0x08000857   Thumb Code     0  startup_stm32f10x_md.o(.text)
    TIM1_BRK_IRQHandler                      0x08000857   Thumb Code     0  startup_stm32f10x_md.o(.text)
    TIM1_CC_IRQHandler                       0x08000857   Thumb Code     0  startup_stm32f10x_md.o(.text)
    TIM1_TRG_COM_IRQHandler                  0x08000857   Thumb Code     0  startup_stm32f10x_md.o(.text)
    TIM1_UP_IRQHandler                       0x08000857   Thumb Code     0  startup_stm32f10x_md.o(.text)
    TIM2_IRQHandler                          0x08000857   Thumb Code     0  startup_stm32f10x_md.o(.text)
    TIM3_IRQHandler                          0x08000857   Thumb Code     0  startup_stm32f10x_md.o(.text)
    TIM4_IRQHandler                          0x08000857   Thumb Code     0  startup_stm32f10x_md.o(.text)
    USART2_IRQHandler                        0x08000857   Thumb Code     0  startup_stm32f10x_md.o(.text)
    USART3_IRQHandler                        0x08000857   Thumb Code     0  startup_stm32f10x_md.o(.text)
    USB_HP_CAN1_TX_IRQHandler                0x08000857   Thumb Code     0  startup_stm32f10x_md.o(.text)
    WWDG_IRQHandler                          0x08000857   Thumb Code     0  startup_stm32f10x_md.o(.text)
    __user_initial_stackheap                 0x08000859   Thumb Code     0  startup_stm32f10x_md.o(.text)
    NVIC_PriorityGroupConfig                 0x0800087d   Thumb Code    10  misc.o(.text)
    NVIC_Init                                0x08000887   Thumb Code   100  misc.o(.text)
    NVIC_SetVectorTable                      0x080008eb   Thumb Code    14  misc.o(.text)
    NVIC_SystemLPConfig                      0x080008f9   Thumb Code    34  misc.o(.text)
    SysTick_CLKSourceConfig                  0x0800091b   Thumb Code    40  misc.o(.text)
    GPIO_DeInit                              0x08000959   Thumb Code   172  stm32f10x_gpio.o(.text)
    GPIO_AFIODeInit                          0x08000a05   Thumb Code    20  stm32f10x_gpio.o(.text)
    GPIO_Init                                0x08000a19   Thumb Code   278  stm32f10x_gpio.o(.text)
    GPIO_StructInit                          0x08000b2f   Thumb Code    16  stm32f10x_gpio.o(.text)
    GPIO_ReadInputDataBit                    0x08000b3f   Thumb Code    18  stm32f10x_gpio.o(.text)
    GPIO_ReadInputData                       0x08000b51   Thumb Code     8  stm32f10x_gpio.o(.text)
    GPIO_ReadOutputDataBit                   0x08000b59   Thumb Code    18  stm32f10x_gpio.o(.text)
    GPIO_ReadOutputData                      0x08000b6b   Thumb Code     8  stm32f10x_gpio.o(.text)
    GPIO_SetBits                             0x08000b73   Thumb Code     4  stm32f10x_gpio.o(.text)
    GPIO_ResetBits                           0x08000b77   Thumb Code     4  stm32f10x_gpio.o(.text)
    GPIO_WriteBit                            0x08000b7b   Thumb Code    10  stm32f10x_gpio.o(.text)
    GPIO_Write                               0x08000b85   Thumb Code     4  stm32f10x_gpio.o(.text)
    GPIO_PinLockConfig                       0x08000b89   Thumb Code    18  stm32f10x_gpio.o(.text)
    GPIO_EventOutputConfig                   0x08000b9b   Thumb Code    26  stm32f10x_gpio.o(.text)
    GPIO_EventOutputCmd                      0x08000bb5   Thumb Code     6  stm32f10x_gpio.o(.text)
    GPIO_PinRemapConfig                      0x08000bbb   Thumb Code   138  stm32f10x_gpio.o(.text)
    GPIO_EXTILineConfig                      0x08000c45   Thumb Code    66  stm32f10x_gpio.o(.text)
    GPIO_ETH_MediaInterfaceConfig            0x08000c87   Thumb Code     8  stm32f10x_gpio.o(.text)
    RCC_DeInit                               0x08000cb5   Thumb Code    64  stm32f10x_rcc.o(.text)
    RCC_HSEConfig                            0x08000cf5   Thumb Code    70  stm32f10x_rcc.o(.text)
    RCC_GetFlagStatus                        0x08000d3b   Thumb Code    56  stm32f10x_rcc.o(.text)
    RCC_WaitForHSEStartUp                    0x08000d73   Thumb Code    56  stm32f10x_rcc.o(.text)
    RCC_AdjustHSICalibrationValue            0x08000dab   Thumb Code    20  stm32f10x_rcc.o(.text)
    RCC_HSICmd                               0x08000dbf   Thumb Code     6  stm32f10x_rcc.o(.text)
    RCC_PLLConfig                            0x08000dc5   Thumb Code    24  stm32f10x_rcc.o(.text)
    RCC_PLLCmd                               0x08000ddd   Thumb Code     6  stm32f10x_rcc.o(.text)
    RCC_SYSCLKConfig                         0x08000de3   Thumb Code    18  stm32f10x_rcc.o(.text)
    RCC_GetSYSCLKSource                      0x08000df5   Thumb Code    10  stm32f10x_rcc.o(.text)
    RCC_HCLKConfig                           0x08000dff   Thumb Code    18  stm32f10x_rcc.o(.text)
    RCC_PCLK1Config                          0x08000e11   Thumb Code    18  stm32f10x_rcc.o(.text)
    RCC_PCLK2Config                          0x08000e23   Thumb Code    20  stm32f10x_rcc.o(.text)
    RCC_ITConfig                             0x08000e37   Thumb Code    26  stm32f10x_rcc.o(.text)
    RCC_USBCLKConfig                         0x08000e51   Thumb Code     8  stm32f10x_rcc.o(.text)
    RCC_ADCCLKConfig                         0x08000e59   Thumb Code    18  stm32f10x_rcc.o(.text)
    RCC_LSEConfig                            0x08000e6b   Thumb Code    50  stm32f10x_rcc.o(.text)
    RCC_LSICmd                               0x08000e9d   Thumb Code     6  stm32f10x_rcc.o(.text)
    RCC_RTCCLKConfig                         0x08000ea3   Thumb Code    12  stm32f10x_rcc.o(.text)
    RCC_RTCCLKCmd                            0x08000eaf   Thumb Code     8  stm32f10x_rcc.o(.text)
    RCC_GetClocksFreq                        0x08000eb7   Thumb Code   192  stm32f10x_rcc.o(.text)
    RCC_AHBPeriphClockCmd                    0x08000f77   Thumb Code    26  stm32f10x_rcc.o(.text)
    RCC_APB2PeriphClockCmd                   0x08000f91   Thumb Code    26  stm32f10x_rcc.o(.text)
    RCC_APB1PeriphClockCmd                   0x08000fab   Thumb Code    26  stm32f10x_rcc.o(.text)
    RCC_APB2PeriphResetCmd                   0x08000fc5   Thumb Code    26  stm32f10x_rcc.o(.text)
    RCC_APB1PeriphResetCmd                   0x08000fdf   Thumb Code    26  stm32f10x_rcc.o(.text)
    RCC_BackupResetCmd                       0x08000ff9   Thumb Code     8  stm32f10x_rcc.o(.text)
    RCC_ClockSecuritySystemCmd               0x08001001   Thumb Code     6  stm32f10x_rcc.o(.text)
    RCC_MCOConfig                            0x08001007   Thumb Code     6  stm32f10x_rcc.o(.text)
    RCC_ClearFlag                            0x0800100d   Thumb Code    14  stm32f10x_rcc.o(.text)
    RCC_GetITStatus                          0x0800101b   Thumb Code    20  stm32f10x_rcc.o(.text)
    RCC_ClearITPendingBit                    0x0800102f   Thumb Code     6  stm32f10x_rcc.o(.text)
    USART_DeInit                             0x08001059   Thumb Code   134  stm32f10x_usart.o(.text)
    USART_Init                               0x080010df   Thumb Code   210  stm32f10x_usart.o(.text)
    USART_StructInit                         0x080011b1   Thumb Code    24  stm32f10x_usart.o(.text)
    USART_ClockInit                          0x080011c9   Thumb Code    34  stm32f10x_usart.o(.text)
    USART_ClockStructInit                    0x080011eb   Thumb Code    12  stm32f10x_usart.o(.text)
    USART_Cmd                                0x080011f7   Thumb Code    24  stm32f10x_usart.o(.text)
    USART_ITConfig                           0x0800120f   Thumb Code    74  stm32f10x_usart.o(.text)
    USART_DMACmd                             0x08001259   Thumb Code    18  stm32f10x_usart.o(.text)
    USART_SetAddress                         0x0800126b   Thumb Code    18  stm32f10x_usart.o(.text)
    USART_WakeUpConfig                       0x0800127d   Thumb Code    18  stm32f10x_usart.o(.text)
    USART_ReceiverWakeUpCmd                  0x0800128f   Thumb Code    24  stm32f10x_usart.o(.text)
    USART_LINBreakDetectLengthConfig         0x080012a7   Thumb Code    18  stm32f10x_usart.o(.text)
    USART_LINCmd                             0x080012b9   Thumb Code    24  stm32f10x_usart.o(.text)
    USART_SendData                           0x080012d1   Thumb Code     8  stm32f10x_usart.o(.text)
    USART_ReceiveData                        0x080012d9   Thumb Code    10  stm32f10x_usart.o(.text)
    USART_SendBreak                          0x080012e3   Thumb Code    10  stm32f10x_usart.o(.text)
    USART_SetGuardTime                       0x080012ed   Thumb Code    16  stm32f10x_usart.o(.text)
    USART_SetPrescaler                       0x080012fd   Thumb Code    16  stm32f10x_usart.o(.text)
    USART_SmartCardCmd                       0x0800130d   Thumb Code    24  stm32f10x_usart.o(.text)
    USART_SmartCardNACKCmd                   0x08001325   Thumb Code    24  stm32f10x_usart.o(.text)
    USART_HalfDuplexCmd                      0x0800133d   Thumb Code    24  stm32f10x_usart.o(.text)
    USART_OverSampling8Cmd                   0x08001355   Thumb Code    22  stm32f10x_usart.o(.text)
    USART_OneBitMethodCmd                    0x0800136b   Thumb Code    24  stm32f10x_usart.o(.text)
    USART_IrDAConfig                         0x08001383   Thumb Code    18  stm32f10x_usart.o(.text)
    USART_IrDACmd                            0x08001395   Thumb Code    24  stm32f10x_usart.o(.text)
    USART_GetFlagStatus                      0x080013ad   Thumb Code    26  stm32f10x_usart.o(.text)
    USART_ClearFlag                          0x080013c7   Thumb Code    18  stm32f10x_usart.o(.text)
    USART_GetITStatus                        0x080013d9   Thumb Code    84  stm32f10x_usart.o(.text)
    USART_ClearITPendingBit                  0x0800142d   Thumb Code    52  stm32f10x_usart.o(.text)
    EXTI_DeInit                              0x08001461   Thumb Code    28  stm32f10x_exti.o(.text)
    EXTI_Init                                0x0800147d   Thumb Code   142  stm32f10x_exti.o(.text)
    EXTI_StructInit                          0x0800150b   Thumb Code    16  stm32f10x_exti.o(.text)
    EXTI_GenerateSWInterrupt                 0x0800151b   Thumb Code    16  stm32f10x_exti.o(.text)
    EXTI_GetFlagStatus                       0x0800152b   Thumb Code    22  stm32f10x_exti.o(.text)
    EXTI_ClearFlag                           0x08001541   Thumb Code     8  stm32f10x_exti.o(.text)
    EXTI_GetITStatus                         0x08001549   Thumb Code    34  stm32f10x_exti.o(.text)
    EXTI_ClearITPendingBit                   0x0800156b   Thumb Code     8  stm32f10x_exti.o(.text)
    Standard_GetConfiguration                0x0800157d   Thumb Code    34  usb_core.o(.text)
    Standard_SetConfiguration                0x0800159f   Thumb Code    60  usb_core.o(.text)
    Standard_GetInterface                    0x080015db   Thumb Code    34  usb_core.o(.text)
    Standard_SetInterface                    0x080015fd   Thumb Code    96  usb_core.o(.text)
    Standard_GetStatus                       0x0800165d   Thumb Code   238  usb_core.o(.text)
    Standard_ClearFeature                    0x0800174b   Thumb Code   342  usb_core.o(.text)
    Standard_SetEndPointFeature              0x080018a1   Thumb Code   220  usb_core.o(.text)
    Standard_SetDeviceFeature                0x0800197d   Thumb Code    30  usb_core.o(.text)
    Standard_GetDescriptorData               0x0800199b   Thumb Code    32  usb_core.o(.text)
    Post0_Process                            0x08001ecf   Thumb Code    54  usb_core.o(.text)
    Setup0_Process                           0x08001f05   Thumb Code   170  usb_core.o(.text)
    SetDeviceAddress                         0x08001faf   Thumb Code    70  usb_core.o(.text)
    In0_Process                              0x08001ff5   Thumb Code    98  usb_core.o(.text)
    Out0_Process                             0x08002057   Thumb Code    70  usb_core.o(.text)
    NOP_Process                              0x0800209d   Thumb Code     2  usb_core.o(.text)
    USB_Init                                 0x080020cd   Thumb Code    36  usb_init.o(.text)
    CTR_LP                                   0x08002109   Thumb Code   616  usb_int.o(.text)
    CTR_HP                                   0x08002371   Thumb Code   178  usb_int.o(.text)
    UserToPMABufferCopy                      0x08002445   Thumb Code    52  usb_mem.o(.text)
    PMAToUserBufferCopy                      0x08002479   Thumb Code    34  usb_mem.o(.text)
    SetCNTR                                  0x080024a1   Thumb Code     6  usb_regs.o(.text)
    GetCNTR                                  0x080024a7   Thumb Code     8  usb_regs.o(.text)
    SetISTR                                  0x080024af   Thumb Code     8  usb_regs.o(.text)
    GetISTR                                  0x080024b7   Thumb Code    10  usb_regs.o(.text)
    GetFNR                                   0x080024c1   Thumb Code    10  usb_regs.o(.text)
    SetDADDR                                 0x080024cb   Thumb Code     8  usb_regs.o(.text)
    GetDADDR                                 0x080024d3   Thumb Code    10  usb_regs.o(.text)
    SetBTABLE                                0x080024dd   Thumb Code    14  usb_regs.o(.text)
    GetBTABLE                                0x080024eb   Thumb Code    10  usb_regs.o(.text)
    SetENDPOINT                              0x080024f5   Thumb Code    12  usb_regs.o(.text)
    GetENDPOINT                              0x08002501   Thumb Code    16  usb_regs.o(.text)
    SetEPType                                0x08002511   Thumb Code    32  usb_regs.o(.text)
    GetEPType                                0x08002531   Thumb Code    18  usb_regs.o(.text)
    SetEPTxStatus                            0x08002543   Thumb Code    60  usb_regs.o(.text)
    SetEPRxStatus                            0x0800257f   Thumb Code    60  usb_regs.o(.text)
    SetDouBleBuffEPStall                     0x080025bb   Thumb Code    54  usb_regs.o(.text)
    GetEPTxStatus                            0x080025f1   Thumb Code    18  usb_regs.o(.text)
    GetEPRxStatus                            0x08002603   Thumb Code    18  usb_regs.o(.text)
    SetEPTxValid                             0x08002615   Thumb Code    48  usb_regs.o(.text)
    SetEPRxValid                             0x08002645   Thumb Code    48  usb_regs.o(.text)
    SetEP_KIND                               0x08002675   Thumb Code    38  usb_regs.o(.text)
    ClearEP_KIND                             0x0800269b   Thumb Code    34  usb_regs.o(.text)
    Clear_Status_Out                         0x080026bd   Thumb Code    34  usb_regs.o(.text)
    Set_Status_Out                           0x080026df   Thumb Code    38  usb_regs.o(.text)
    SetEPDoubleBuff                          0x08002705   Thumb Code    38  usb_regs.o(.text)
    ClearEPDoubleBuff                        0x0800272b   Thumb Code    34  usb_regs.o(.text)
    GetTxStallStatus                         0x0800274d   Thumb Code    28  usb_regs.o(.text)
    GetRxStallStatus                         0x08002769   Thumb Code    30  usb_regs.o(.text)
    ClearEP_CTR_RX                           0x08002787   Thumb Code    32  usb_regs.o(.text)
    ClearEP_CTR_TX                           0x080027a7   Thumb Code    28  usb_regs.o(.text)
    ToggleDTOG_RX                            0x080027c3   Thumb Code    34  usb_regs.o(.text)
    ToggleDTOG_TX                            0x080027e5   Thumb Code    34  usb_regs.o(.text)
    ClearDTOG_RX                             0x08002807   Thumb Code    48  usb_regs.o(.text)
    ClearDTOG_TX                             0x08002837   Thumb Code    48  usb_regs.o(.text)
    SetEPAddress                             0x08002867   Thumb Code    46  usb_regs.o(.text)
    GetEPAddress                             0x08002895   Thumb Code    18  usb_regs.o(.text)
    SetEPTxAddr                              0x080028a7   Thumb Code    24  usb_regs.o(.text)
    SetEPRxAddr                              0x080028bf   Thumb Code    26  usb_regs.o(.text)
    GetEPTxAddr                              0x080028d9   Thumb Code    22  usb_regs.o(.text)
    GetEPRxAddr                              0x080028ef   Thumb Code    24  usb_regs.o(.text)
    SetEPTxCount                             0x08002907   Thumb Code    20  usb_regs.o(.text)
    SetEPCountRxReg                          0x0800291b   Thumb Code    48  usb_regs.o(.text)
    SetEPRxCount                             0x0800294b   Thumb Code    68  usb_regs.o(.text)
    GetEPTxCount                             0x0800298f   Thumb Code    26  usb_regs.o(.text)
    GetEPRxCount                             0x080029a9   Thumb Code    26  usb_regs.o(.text)
    SetEPDblBuffAddr                         0x080029c3   Thumb Code    44  usb_regs.o(.text)
    SetEPDblBuf0Addr                         0x080029ef   Thumb Code    24  usb_regs.o(.text)
    SetEPDblBuf1Addr                         0x08002a07   Thumb Code    26  usb_regs.o(.text)
    GetEPDblBuf0Addr                         0x08002a21   Thumb Code    22  usb_regs.o(.text)
    GetEPDblBuf1Addr                         0x08002a37   Thumb Code    24  usb_regs.o(.text)
    SetEPDblBuffCount                        0x08002a4f   Thumb Code   186  usb_regs.o(.text)
    SetEPDblBuf0Count                        0x08002b09   Thumb Code    96  usb_regs.o(.text)
    SetEPDblBuf1Count                        0x08002b69   Thumb Code    96  usb_regs.o(.text)
    GetEPDblBuf0Count                        0x08002bc9   Thumb Code    26  usb_regs.o(.text)
    GetEPDblBuf1Count                        0x08002be3   Thumb Code    26  usb_regs.o(.text)
    GetEPDblBufDir                           0x08002bfd   Thumb Code    62  usb_regs.o(.text)
    FreeUserBuffer                           0x08002c3b   Thumb Code    90  usb_regs.o(.text)
    ToWord                                   0x08002c95   Thumb Code     8  usb_regs.o(.text)
    ByteSwap                                 0x08002c9d   Thumb Code    12  usb_regs.o(.text)
    USB_SIL_Init                             0x08002ca9   Thumb Code    28  usb_sil.o(.text)
    USB_SIL_Write                            0x08002cc5   Thumb Code    46  usb_sil.o(.text)
    USB_SIL_Read                             0x08002cf3   Thumb Code    46  usb_sil.o(.text)
    USBWakeUp_IRQHandler                     0x08002d29   Thumb Code    12  hw_config.o(.text)
    USB_LP_CAN1_RX0_IRQHandler               0x08002d35   Thumb Code     8  hw_config.o(.text)
    Set_USBClock                             0x08002d3d   Thumb Code    18  hw_config.o(.text)
    Enter_LowPowerMode                       0x08002d4f   Thumb Code    16  hw_config.o(.text)
    Leave_LowPowerMode                       0x08002d5f   Thumb Code    30  hw_config.o(.text)
    USB_Interrupts_Config                    0x08002d7d   Thumb Code    84  hw_config.o(.text)
    USB_Cable_Config                         0x08002dd1   Thumb Code    22  hw_config.o(.text)
    USB_Port_Set                             0x08002de7   Thumb Code    74  hw_config.o(.text)
    IntToUnicode                             0x08002e31   Thumb Code    62  hw_config.o(.text)
    Get_SerialNum                            0x08002e6f   Thumb Code    42  hw_config.o(.text)
    USART_Config                             0x08002e99   Thumb Code    62  hw_config.o(.text)
    USB_To_USART_Send_Data                   0x08002ed7   Thumb Code   120  hw_config.o(.text)
    USB_USART_SendData                       0x08002f4f   Thumb Code    42  hw_config.o(.text)
    usb_printf                               0x08002f79   Thumb Code    56  hw_config.o(.text)
    EP1_IN_Callback                          0x080030ad   Thumb Code   138  usb_endp.o(.text)
    EP3_OUT_Callback                         0x08003137   Thumb Code    28  usb_endp.o(.text)
    SOF_Callback                             0x08003153   Thumb Code    38  usb_endp.o(.text)
    USB_Istr                                 0x08003189   Thumb Code   426  usb_istr.o(.text)
    Virtual_Com_Port_init                    0x08003359   Thumb Code    30  usb_prop.o(.text)
    Virtual_Com_Port_Reset                   0x08003377   Thumb Code   216  usb_prop.o(.text)
    Virtual_Com_Port_SetConfiguration        0x0800344f   Thumb Code    14  usb_prop.o(.text)
    Virtual_Com_Port_SetDeviceAddress        0x0800345d   Thumb Code     8  usb_prop.o(.text)
    Virtual_Com_Port_Status_In               0x08003465   Thumb Code    22  usb_prop.o(.text)
    Virtual_Com_Port_Status_Out              0x0800347b   Thumb Code     2  usb_prop.o(.text)
    Virtual_Com_Port_SetLineCoding           0x0800347d   Thumb Code    20  usb_prop.o(.text)
    Virtual_Com_Port_GetLineCoding           0x08003491   Thumb Code    20  usb_prop.o(.text)
    Virtual_Com_Port_Data_Setup              0x080034a5   Thumb Code    86  usb_prop.o(.text)
    Virtual_Com_Port_NoData_Setup            0x080034fb   Thumb Code    36  usb_prop.o(.text)
    Virtual_Com_Port_GetDeviceDescriptor     0x0800351f   Thumb Code    14  usb_prop.o(.text)
    Virtual_Com_Port_GetConfigDescriptor     0x0800352d   Thumb Code    14  usb_prop.o(.text)
    Virtual_Com_Port_GetStringDescriptor     0x0800353b   Thumb Code    32  usb_prop.o(.text)
    Virtual_Com_Port_Get_Interface_Setting   0x0800355b   Thumb Code    22  usb_prop.o(.text)
    PowerOn                                  0x08003599   Thumb Code    54  usb_pwr.o(.text)
    PowerOff                                 0x080035cf   Thumb Code    28  usb_pwr.o(.text)
    Suspend                                  0x080035eb   Thumb Code   142  usb_pwr.o(.text)
    Resume_Init                              0x08003679   Thumb Code    30  usb_pwr.o(.text)
    Resume                                   0x08003697   Thumb Code   194  usb_pwr.o(.text)
    __use_no_semihosting                     0x08003771   Thumb Code     2  use_no_semi_2.o(.text)
    __c89vsprintf                            0x08003775   Thumb Code    32  c89vsprintf.o(.text)
    __2printf                                0x08003799   Thumb Code    20  __2printf.o(.text)
    _printf_int_dec                          0x080037b1   Thumb Code   104  _printf_dec.o(.text)
    __printf                                 0x08003829   Thumb Code   388  __printf_flags_ss_wp.o(.text)
    strlen                                   0x080039b1   Thumb Code    62  strlen.o(.text)
    __use_two_region_memory                  0x080039ef   Thumb Code     2  heapauxi.o(.text)
    __rt_heap_escrow$2region                 0x080039f1   Thumb Code     2  heapauxi.o(.text)
    __rt_heap_expand$2region                 0x080039f3   Thumb Code     2  heapauxi.o(.text)
    __I$use$semihosting                      0x080039f5   Thumb Code     0  use_no_semi.o(.text)
    __use_no_semihosting_swi                 0x080039f5   Thumb Code     2  use_no_semi.o(.text)
    _printf_pre_padding                      0x080039f7   Thumb Code    44  _printf_pad.o(.text)
    _printf_post_padding                     0x08003a23   Thumb Code    34  _printf_pad.o(.text)
    _printf_truncate_signed                  0x08003a45   Thumb Code    18  _printf_truncate.o(.text)
    _printf_truncate_unsigned                0x08003a57   Thumb Code    18  _printf_truncate.o(.text)
    _printf_str                              0x08003a69   Thumb Code    82  _printf_str.o(.text)
    _printf_int_common                       0x08003abb   Thumb Code   178  _printf_intcommon.o(.text)
    _printf_charcount                        0x08003b6d   Thumb Code    40  _printf_charcount.o(.text)
    _printf_char_common                      0x08003b9f   Thumb Code    32  _printf_char_common.o(.text)
    _sputc                                   0x08003bc5   Thumb Code    10  _sputc.o(.text)
    _printf_char_file                        0x08003bd1   Thumb Code    32  _printf_char_file.o(.text)
    _printf_wctomb                           0x08003bf5   Thumb Code   182  _printf_wctomb.o(.text)
    _printf_longlong_dec                     0x08003cb1   Thumb Code   108  _printf_longlong_dec.o(.text)
    _printf_longlong_oct                     0x08003d2d   Thumb Code    66  _printf_oct_int_ll.o(.text)
    _printf_int_oct                          0x08003d6f   Thumb Code    24  _printf_oct_int_ll.o(.text)
    _printf_ll_oct                           0x08003d87   Thumb Code    12  _printf_oct_int_ll.o(.text)
    _printf_longlong_hex                     0x08003d9d   Thumb Code    86  _printf_hex_int_ll_ptr.o(.text)
    _printf_int_hex                          0x08003df3   Thumb Code    28  _printf_hex_int_ll_ptr.o(.text)
    _printf_ll_hex                           0x08003e0f   Thumb Code    12  _printf_hex_int_ll_ptr.o(.text)
    _printf_hex_ptr                          0x08003e1b   Thumb Code    18  _printf_hex_int_ll_ptr.o(.text)
    _ll_udiv10                               0x08003e31   Thumb Code   138  lludiv10.o(.text)
    __lib_sel_fp_printf                      0x08003ebb   Thumb Code     2  _printf_fp_dec.o(.text)
    _printf_fp_dec_real                      0x0800406d   Thumb Code   620  _printf_fp_dec.o(.text)
    _printf_cs_common                        0x080042d9   Thumb Code    20  _printf_char.o(.text)
    _printf_char                             0x080042ed   Thumb Code    16  _printf_char.o(.text)
    _printf_string                           0x080042fd   Thumb Code     8  _printf_char.o(.text)
    _printf_lcs_common                       0x08004305   Thumb Code    20  _printf_wchar.o(.text)
    _printf_wchar                            0x08004319   Thumb Code    16  _printf_wchar.o(.text)
    _printf_wstring                          0x08004329   Thumb Code     8  _printf_wchar.o(.text)
    ferror                                   0x08004331   Thumb Code     8  ferror.o(.text)
    _wcrtomb                                 0x08004339   Thumb Code    64  _wcrtomb.o(.text)
    __user_setup_stackheap                   0x08004379   Thumb Code    74  sys_stackheap_outer.o(.text)
    __rt_ctype_table                         0x080043c5   Thumb Code    16  rt_ctype_table.o(.text)
    __rt_locale                              0x080043d5   Thumb Code     8  rt_locale_intlibspace.o(.text)
    _printf_fp_infnan                        0x080043dd   Thumb Code   112  _printf_fp_infnan.o(.text)
    _btod_etento                             0x0800445d   Thumb Code   224  bigflt0.o(.text)
    exit                                     0x08004541   Thumb Code    18  exit.o(.text)
    __user_libspace                          0x08004555   Thumb Code     8  libspace.o(.text)
    __user_perproc_libspace                  0x08004555   Thumb Code     0  libspace.o(.text)
    __user_perthread_libspace                0x08004555   Thumb Code     0  libspace.o(.text)
    strcmp                                   0x0800455d   Thumb Code   128  strcmpv7m.o(.text)
    _btod_d2e                                0x080045dd   Thumb Code    62  btod.o(CL$$btod_d2e)
    _d2e_denorm_low                          0x0800461b   Thumb Code    70  btod.o(CL$$btod_d2e_denorm_low)
    _d2e_norm_op1                            0x08004661   Thumb Code    96  btod.o(CL$$btod_d2e_norm_op1)
    __btod_div_common                        0x080046c1   Thumb Code   696  btod.o(CL$$btod_div_common)
    _e2e                                     0x080049f9   Thumb Code   220  btod.o(CL$$btod_e2e)
    _btod_ediv                               0x08004ad5   Thumb Code    42  btod.o(CL$$btod_ediv)
    _btod_emul                               0x08004aff   Thumb Code    42  btod.o(CL$$btod_emul)
    __btod_mult_common                       0x08004b29   Thumb Code   580  btod.o(CL$$btod_mult_common)
    __ARM_fpclassify                         0x08004d6d   Thumb Code    40  fpclassify.o(i.__ARM_fpclassify)
    _is_digit                                0x08004d95   Thumb Code    14  __printf_wp.o(i._is_digit)
    _get_lc_numeric                          0x08004da5   Thumb Code    44  lc_numeric_c.o(locale$$code)
    _get_lc_ctype                            0x08004dd1   Thumb Code    44  lc_ctype_c.o(locale$$code)
    _printf_fp_dec                           0x08004dfd   Thumb Code     4  printf1.o(x$fpl$printf1)
    Virtual_Com_Port_DeviceDescriptor        0x08004e00   Data          18  usb_desc.o(.constdata)
    __I$use$fp                               0x08004e00   Number         0  usenofp.o(x$fpl$usenofp)
    Virtual_Com_Port_ConfigDescriptor        0x08004e12   Data          67  usb_desc.o(.constdata)
    Virtual_Com_Port_StringLangID            0x08004e55   Data           4  usb_desc.o(.constdata)
    Virtual_Com_Port_StringVendor            0x08004e59   Data          38  usb_desc.o(.constdata)
    Virtual_Com_Port_StringProduct           0x08004e7f   Data          50  usb_desc.o(.constdata)
    Region$$Table$$Base                      0x08004f88   Number         0  anon$$obj.o(Region$$Table)
    Region$$Table$$Limit                     0x08004fa8   Number         0  anon$$obj.o(Region$$Table)
    __ctype                                  0x08004fd1   Data           0  lc_ctype_c.o(locale$$data)
    SystemCoreClock                          0x20000000   Data           4  system_stm32f10x.o(.data)
    AHBPrescTable                            0x20000004   Data          16  system_stm32f10x.o(.data)
    __stdout                                 0x20000018   Data           4  usart.o(.data)
    USART_RX_STA                             0x2000001c   Data           2  usart.o(.data)
    StatusInfo                               0x20000032   Data           2  usb_core.o(.data)
    Data_Mul_MaxPacketSize                   0x20000034   Data           1  usb_core.o(.data)
    EPindex                                  0x20000038   Data           1  usb_init.o(.data)
    pInformation                             0x2000003c   Data           4  usb_init.o(.data)
    pProperty                                0x20000040   Data           4  usb_init.o(.data)
    SaveState                                0x20000044   Data           2  usb_init.o(.data)
    wInterrupt_Mask                          0x20000046   Data           2  usb_init.o(.data)
    pUser_Standard_Requests                  0x20000048   Data           4  usb_init.o(.data)
    SaveRState                               0x2000004c   Data           2  usb_int.o(.data)
    SaveTState                               0x2000004e   Data           2  usb_int.o(.data)
    USB_USART_RX_STA                         0x20000050   Data           2  hw_config.o(.data)
    Virtual_Com_Port_StringSerial            0x20000052   Data          26  usb_desc.o(.data)
    wIstr                                    0x20000070   Data           2  usb_istr.o(.data)
    bIntPackSOF                              0x20000072   Data           1  usb_istr.o(.data)
    esof_counter                             0x20000074   Data           4  usb_istr.o(.data)
    wCNTR                                    0x20000078   Data           4  usb_istr.o(.data)
    pEpInt_IN                                0x2000007c   Data          28  usb_istr.o(.data)
    pEpInt_OUT                               0x20000098   Data          28  usb_istr.o(.data)
    Request                                  0x200000b4   Data           1  usb_prop.o(.data)
    linecoding                               0x200000b8   Data           8  usb_prop.o(.data)
    Device_Table                             0x200000c0   Data           2  usb_prop.o(.data)
    Device_Property                          0x200000c4   Data          48  usb_prop.o(.data)
    User_Standard_Requests                   0x200000f4   Data          36  usb_prop.o(.data)
    Device_Descriptor                        0x20000118   Data           8  usb_prop.o(.data)
    Config_Descriptor                        0x20000120   Data           8  usb_prop.o(.data)
    String_Descriptor                        0x20000128   Data          32  usb_prop.o(.data)
    bDeviceState                             0x20000148   Data           4  usb_pwr.o(.data)
    fSuspendEnabled                          0x2000014c   Data           1  usb_pwr.o(.data)
    ResumeS                                  0x2000014d   Data           2  usb_pwr.o(.data)
    remotewakeupon                           0x20000150   Data           4  usb_pwr.o(.data)
    USART_RX_BUF                             0x20000154   Data         200  usart.o(.bss)
    Device_Info                              0x2000021c   Data          28  usb_init.o(.bss)
    uu_txfifo                                0x20000238   Data        1028  hw_config.o(.bss)
    USART_PRINTF_Buffer                      0x2000063c   Data         200  hw_config.o(.bss)
    USB_USART_RX_BUF                         0x20000704   Data         200  hw_config.o(.bss)
    USB_Rx_Buffer                            0x200007cc   Data          64  usb_endp.o(.bss)
    EP                                       0x2000080c   Data          32  usb_pwr.o(.bss)
    __libspace_start                         0x2000082c   Data          96  libspace.o(.bss)
    __temporary_stack_top$libspace           0x2000088c   Data           0  libspace.o(.bss)



==============================================================================

Memory Map of the image

  Image Entry point : 0x080000ed

  Load Region LR_IROM1 (Base: 0x08000000, Size: 0x00005228, Max: 0x00010000, ABSOLUTE, COMPRESSED[0x00005164])

    Execution Region ER_IROM1 (Exec base: 0x08000000, Load base: 0x08000000, Size: 0x000050d4, Max: 0x00010000, ABSOLUTE)

    Exec Addr    Load Addr    Size         Type   Attr      Idx    E Section Name        Object

    0x08000000   0x08000000   0x000000ec   Data   RO          315    RESET               startup_stm32f10x_md.o
    0x080000ec   0x080000ec   0x00000008   Code   RO          668  * !!!main             c_w.l(__main.o)
    0x080000f4   0x080000f4   0x00000034   Code   RO          962    !!!scatter          c_w.l(__scatter.o)
    0x08000128   0x08000128   0x0000005a   Code   RO          960    !!dczerorl2         c_w.l(__dczerorl2.o)
    0x08000182   0x08000182   0x00000002   PAD
    0x08000184   0x08000184   0x0000001c   Code   RO          964    !!handler_zi        c_w.l(__scatter_zi.o)
    0x080001a0   0x080001a0   0x00000000   Code   RO          663    .ARM.Collect$$_printf_percent$$00000000  c_w.l(_printf_percent.o)
    0x080001a0   0x080001a0   0x00000006   Code   RO          723    .ARM.Collect$$_printf_percent$$00000001  c_w.l(_printf_n.o)
    0x080001a6   0x080001a6   0x00000006   Code   RO          725    .ARM.Collect$$_printf_percent$$00000002  c_w.l(_printf_p.o)
    0x080001ac   0x080001ac   0x00000006   Code   RO          729    .ARM.Collect$$_printf_percent$$00000003  c_w.l(_printf_f.o)
    0x080001b2   0x080001b2   0x00000006   Code   RO          730    .ARM.Collect$$_printf_percent$$00000004  c_w.l(_printf_e.o)
    0x080001b8   0x080001b8   0x00000006   Code   RO          731    .ARM.Collect$$_printf_percent$$00000005  c_w.l(_printf_g.o)
    0x080001be   0x080001be   0x00000006   Code   RO          732    .ARM.Collect$$_printf_percent$$00000006  c_w.l(_printf_a.o)
    0x080001c4   0x080001c4   0x0000000a   Code   RO          737    .ARM.Collect$$_printf_percent$$00000007  c_w.l(_printf_ll.o)
    0x080001ce   0x080001ce   0x00000006   Code   RO          727    .ARM.Collect$$_printf_percent$$00000008  c_w.l(_printf_i.o)
    0x080001d4   0x080001d4   0x00000006   Code   RO          662    .ARM.Collect$$_printf_percent$$00000009  c_w.l(_printf_d.o)
    0x080001da   0x080001da   0x00000006   Code   RO          728    .ARM.Collect$$_printf_percent$$0000000A  c_w.l(_printf_u.o)
    0x080001e0   0x080001e0   0x00000006   Code   RO          726    .ARM.Collect$$_printf_percent$$0000000B  c_w.l(_printf_o.o)
    0x080001e6   0x080001e6   0x00000006   Code   RO          724    .ARM.Collect$$_printf_percent$$0000000C  c_w.l(_printf_x.o)
    0x080001ec   0x080001ec   0x00000006   Code   RO          734    .ARM.Collect$$_printf_percent$$0000000D  c_w.l(_printf_lli.o)
    0x080001f2   0x080001f2   0x00000006   Code   RO          735    .ARM.Collect$$_printf_percent$$0000000E  c_w.l(_printf_lld.o)
    0x080001f8   0x080001f8   0x00000006   Code   RO          736    .ARM.Collect$$_printf_percent$$0000000F  c_w.l(_printf_llu.o)
    0x080001fe   0x080001fe   0x00000006   Code   RO          741    .ARM.Collect$$_printf_percent$$00000010  c_w.l(_printf_llo.o)
    0x08000204   0x08000204   0x00000006   Code   RO          742    .ARM.Collect$$_printf_percent$$00000011  c_w.l(_printf_llx.o)
    0x0800020a   0x0800020a   0x0000000a   Code   RO          738    .ARM.Collect$$_printf_percent$$00000012  c_w.l(_printf_l.o)
    0x08000214   0x08000214   0x00000006   Code   RO          721    .ARM.Collect$$_printf_percent$$00000013  c_w.l(_printf_c.o)
    0x0800021a   0x0800021a   0x00000006   Code   RO          722    .ARM.Collect$$_printf_percent$$00000014  c_w.l(_printf_s.o)
    0x08000220   0x08000220   0x00000006   Code   RO          739    .ARM.Collect$$_printf_percent$$00000015  c_w.l(_printf_lc.o)
    0x08000226   0x08000226   0x00000006   Code   RO          740    .ARM.Collect$$_printf_percent$$00000016  c_w.l(_printf_ls.o)
    0x0800022c   0x0800022c   0x00000004   Code   RO          733    .ARM.Collect$$_printf_percent$$00000017  c_w.l(_printf_percent_end.o)
    0x08000230   0x08000230   0x00000002   Code   RO          822    .ARM.Collect$$libinit$$00000000  c_w.l(libinit.o)
    0x08000232   0x08000232   0x00000000   Code   RO          839    .ARM.Collect$$libinit$$00000002  c_w.l(libinit2.o)
    0x08000232   0x08000232   0x00000000   Code   RO          841    .ARM.Collect$$libinit$$00000004  c_w.l(libinit2.o)
    0x08000232   0x08000232   0x00000000   Code   RO          844    .ARM.Collect$$libinit$$0000000A  c_w.l(libinit2.o)
    0x08000232   0x08000232   0x00000000   Code   RO          846    .ARM.Collect$$libinit$$0000000C  c_w.l(libinit2.o)
    0x08000232   0x08000232   0x00000000   Code   RO          848    .ARM.Collect$$libinit$$0000000E  c_w.l(libinit2.o)
    0x08000232   0x08000232   0x00000006   Code   RO          849    .ARM.Collect$$libinit$$0000000F  c_w.l(libinit2.o)
    0x08000238   0x08000238   0x00000000   Code   RO          851    .ARM.Collect$$libinit$$00000011  c_w.l(libinit2.o)
    0x08000238   0x08000238   0x0000000c   Code   RO          852    .ARM.Collect$$libinit$$00000012  c_w.l(libinit2.o)
    0x08000244   0x08000244   0x00000000   Code   RO          853    .ARM.Collect$$libinit$$00000013  c_w.l(libinit2.o)
    0x08000244   0x08000244   0x00000000   Code   RO          855    .ARM.Collect$$libinit$$00000015  c_w.l(libinit2.o)
    0x08000244   0x08000244   0x0000000a   Code   RO          856    .ARM.Collect$$libinit$$00000016  c_w.l(libinit2.o)
    0x0800024e   0x0800024e   0x00000000   Code   RO          857    .ARM.Collect$$libinit$$00000017  c_w.l(libinit2.o)
    0x0800024e   0x0800024e   0x00000000   Code   RO          859    .ARM.Collect$$libinit$$00000019  c_w.l(libinit2.o)
    0x0800024e   0x0800024e   0x00000000   Code   RO          861    .ARM.Collect$$libinit$$0000001B  c_w.l(libinit2.o)
    0x0800024e   0x0800024e   0x00000000   Code   RO          863    .ARM.Collect$$libinit$$0000001D  c_w.l(libinit2.o)
    0x0800024e   0x0800024e   0x00000000   Code   RO          865    .ARM.Collect$$libinit$$0000001F  c_w.l(libinit2.o)
    0x0800024e   0x0800024e   0x00000000   Code   RO          867    .ARM.Collect$$libinit$$00000021  c_w.l(libinit2.o)
    0x0800024e   0x0800024e   0x00000000   Code   RO          869    .ARM.Collect$$libinit$$00000023  c_w.l(libinit2.o)
    0x0800024e   0x0800024e   0x00000000   Code   RO          871    .ARM.Collect$$libinit$$00000025  c_w.l(libinit2.o)
    0x0800024e   0x0800024e   0x00000000   Code   RO          875    .ARM.Collect$$libinit$$0000002C  c_w.l(libinit2.o)
    0x0800024e   0x0800024e   0x00000000   Code   RO          877    .ARM.Collect$$libinit$$0000002E  c_w.l(libinit2.o)
    0x0800024e   0x0800024e   0x00000000   Code   RO          879    .ARM.Collect$$libinit$$00000030  c_w.l(libinit2.o)
    0x0800024e   0x0800024e   0x00000000   Code   RO          881    .ARM.Collect$$libinit$$00000032  c_w.l(libinit2.o)
    0x0800024e   0x0800024e   0x00000002   Code   RO          882    .ARM.Collect$$libinit$$00000033  c_w.l(libinit2.o)
    0x08000250   0x08000250   0x00000002   Code   RO          900    .ARM.Collect$$libshutdown$$00000000  c_w.l(libshutdown.o)
    0x08000252   0x08000252   0x00000000   Code   RO          910    .ARM.Collect$$libshutdown$$00000002  c_w.l(libshutdown2.o)
    0x08000252   0x08000252   0x00000000   Code   RO          912    .ARM.Collect$$libshutdown$$00000004  c_w.l(libshutdown2.o)
    0x08000252   0x08000252   0x00000000   Code   RO          914    .ARM.Collect$$libshutdown$$00000006  c_w.l(libshutdown2.o)
    0x08000252   0x08000252   0x00000000   Code   RO          917    .ARM.Collect$$libshutdown$$00000009  c_w.l(libshutdown2.o)
    0x08000252   0x08000252   0x00000000   Code   RO          920    .ARM.Collect$$libshutdown$$0000000C  c_w.l(libshutdown2.o)
    0x08000252   0x08000252   0x00000000   Code   RO          922    .ARM.Collect$$libshutdown$$0000000E  c_w.l(libshutdown2.o)
    0x08000252   0x08000252   0x00000000   Code   RO          925    .ARM.Collect$$libshutdown$$00000011  c_w.l(libshutdown2.o)
    0x08000252   0x08000252   0x00000002   Code   RO          926    .ARM.Collect$$libshutdown$$00000012  c_w.l(libshutdown2.o)
    0x08000254   0x08000254   0x00000000   Code   RO          672    .ARM.Collect$$rtentry$$00000000  c_w.l(__rtentry.o)
    0x08000254   0x08000254   0x00000000   Code   RO          746    .ARM.Collect$$rtentry$$00000002  c_w.l(__rtentry2.o)
    0x08000254   0x08000254   0x00000006   Code   RO          758    .ARM.Collect$$rtentry$$00000004  c_w.l(__rtentry4.o)
    0x0800025a   0x0800025a   0x00000000   Code   RO          748    .ARM.Collect$$rtentry$$00000009  c_w.l(__rtentry2.o)
    0x0800025a   0x0800025a   0x00000004   Code   RO          749    .ARM.Collect$$rtentry$$0000000A  c_w.l(__rtentry2.o)
    0x0800025e   0x0800025e   0x00000000   Code   RO          751    .ARM.Collect$$rtentry$$0000000C  c_w.l(__rtentry2.o)
    0x0800025e   0x0800025e   0x00000008   Code   RO          752    .ARM.Collect$$rtentry$$0000000D  c_w.l(__rtentry2.o)
    0x08000266   0x08000266   0x00000002   Code   RO          831    .ARM.Collect$$rtexit$$00000000  c_w.l(rtexit.o)
    0x08000268   0x08000268   0x00000000   Code   RO          884    .ARM.Collect$$rtexit$$00000002  c_w.l(rtexit2.o)
    0x08000268   0x08000268   0x00000004   Code   RO          885    .ARM.Collect$$rtexit$$00000003  c_w.l(rtexit2.o)
    0x0800026c   0x0800026c   0x00000006   Code   RO          886    .ARM.Collect$$rtexit$$00000004  c_w.l(rtexit2.o)
    0x08000272   0x08000272   0x00000002   PAD
    0x08000274   0x08000274   0x00000180   Code   RO            1    .text               main.o
    0x080003f4   0x080003f4   0x0000001a   Code   RO          162    .text               stm32f10x_it.o
    0x0800040e   0x0800040e   0x00000002   PAD
    0x08000410   0x08000410   0x000001e0   Code   RO          203    .text               system_stm32f10x.o
    0x080005f0   0x080005f0   0x00000038   Code   RO          221    .text               led.o
    0x08000628   0x08000628   0x000000d4   Code   RO          249    .text               delay.o
    0x080006fc   0x080006fc   0x00000140   Code   RO          280    .text               usart.o
    0x0800083c   0x0800083c   0x00000040   Code   RO          316    .text               startup_stm32f10x_md.o
    0x0800087c   0x0800087c   0x000000dc   Code   RO          320    .text               misc.o
    0x08000958   0x08000958   0x0000035c   Code   RO          344    .text               stm32f10x_gpio.o
    0x08000cb4   0x08000cb4   0x000003a4   Code   RO          356    .text               stm32f10x_rcc.o
    0x08001058   0x08001058   0x00000408   Code   RO          370    .text               stm32f10x_usart.o
    0x08001460   0x08001460   0x0000011c   Code   RO          382    .text               stm32f10x_exti.o
    0x0800157c   0x0800157c   0x00000b50   Code   RO          394    .text               usb_core.o
    0x080020cc   0x080020cc   0x0000003c   Code   RO          412    .text               usb_init.o
    0x08002108   0x08002108   0x0000033c   Code   RO          435    .text               usb_int.o
    0x08002444   0x08002444   0x0000005c   Code   RO          459    .text               usb_mem.o
    0x080024a0   0x080024a0   0x00000808   Code   RO          471    .text               usb_regs.o
    0x08002ca8   0x08002ca8   0x00000080   Code   RO          483    .text               usb_sil.o
    0x08002d28   0x08002d28   0x00000384   Code   RO          495    .text               hw_config.o
    0x080030ac   0x080030ac   0x000000dc   Code   RO          552    .text               usb_endp.o
    0x08003188   0x08003188   0x000001d0   Code   RO          568    .text               usb_istr.o
    0x08003358   0x08003358   0x00000240   Code   RO          586    .text               usb_prop.o
    0x08003598   0x08003598   0x000001d8   Code   RO          609    .text               usb_pwr.o
    0x08003770   0x08003770   0x00000002   Code   RO          630    .text               c_w.l(use_no_semi_2.o)
    0x08003772   0x08003772   0x00000002   PAD
    0x08003774   0x08003774   0x00000024   Code   RO          632    .text               c_w.l(c89vsprintf.o)
    0x08003798   0x08003798   0x00000018   Code   RO          634    .text               c_w.l(__2printf.o)
    0x080037b0   0x080037b0   0x00000078   Code   RO          640    .text               c_w.l(_printf_dec.o)
    0x08003828   0x08003828   0x00000188   Code   RO          659    .text               c_w.l(__printf_flags_ss_wp.o)
    0x080039b0   0x080039b0   0x0000003e   Code   RO          664    .text               c_w.l(strlen.o)
    0x080039ee   0x080039ee   0x00000006   Code   RO          666    .text               c_w.l(heapauxi.o)
    0x080039f4   0x080039f4   0x00000002   Code   RO          670    .text               c_w.l(use_no_semi.o)
    0x080039f6   0x080039f6   0x0000004e   Code   RO          673    .text               c_w.l(_printf_pad.o)
    0x08003a44   0x08003a44   0x00000024   Code   RO          675    .text               c_w.l(_printf_truncate.o)
    0x08003a68   0x08003a68   0x00000052   Code   RO          677    .text               c_w.l(_printf_str.o)
    0x08003aba   0x08003aba   0x000000b2   Code   RO          679    .text               c_w.l(_printf_intcommon.o)
    0x08003b6c   0x08003b6c   0x00000028   Code   RO          681    .text               c_w.l(_printf_charcount.o)
    0x08003b94   0x08003b94   0x00000030   Code   RO          683    .text               c_w.l(_printf_char_common.o)
    0x08003bc4   0x08003bc4   0x0000000a   Code   RO          685    .text               c_w.l(_sputc.o)
    0x08003bce   0x08003bce   0x00000002   PAD
    0x08003bd0   0x08003bd0   0x00000024   Code   RO          687    .text               c_w.l(_printf_char_file.o)
    0x08003bf4   0x08003bf4   0x000000bc   Code   RO          689    .text               c_w.l(_printf_wctomb.o)
    0x08003cb0   0x08003cb0   0x0000007c   Code   RO          692    .text               c_w.l(_printf_longlong_dec.o)
    0x08003d2c   0x08003d2c   0x00000070   Code   RO          698    .text               c_w.l(_printf_oct_int_ll.o)
    0x08003d9c   0x08003d9c   0x00000094   Code   RO          718    .text               c_w.l(_printf_hex_int_ll_ptr.o)
    0x08003e30   0x08003e30   0x0000008a   Code   RO          760    .text               c_w.l(lludiv10.o)
    0x08003eba   0x08003eba   0x0000041e   Code   RO          762    .text               c_w.l(_printf_fp_dec.o)
    0x080042d8   0x080042d8   0x0000002c   Code   RO          766    .text               c_w.l(_printf_char.o)
    0x08004304   0x08004304   0x0000002c   Code   RO          768    .text               c_w.l(_printf_wchar.o)
    0x08004330   0x08004330   0x00000008   Code   RO          770    .text               c_w.l(ferror.o)
    0x08004338   0x08004338   0x00000040   Code   RO          774    .text               c_w.l(_wcrtomb.o)
    0x08004378   0x08004378   0x0000004a   Code   RO          776    .text               c_w.l(sys_stackheap_outer.o)
    0x080043c2   0x080043c2   0x00000002   PAD
    0x080043c4   0x080043c4   0x00000010   Code   RO          778    .text               c_w.l(rt_ctype_table.o)
    0x080043d4   0x080043d4   0x00000008   Code   RO          783    .text               c_w.l(rt_locale_intlibspace.o)
    0x080043dc   0x080043dc   0x00000080   Code   RO          785    .text               c_w.l(_printf_fp_infnan.o)
    0x0800445c   0x0800445c   0x000000e4   Code   RO          787    .text               c_w.l(bigflt0.o)
    0x08004540   0x08004540   0x00000012   Code   RO          815    .text               c_w.l(exit.o)
    0x08004552   0x08004552   0x00000002   PAD
    0x08004554   0x08004554   0x00000008   Code   RO          828    .text               c_w.l(libspace.o)
    0x0800455c   0x0800455c   0x00000080   Code   RO          836    .text               c_w.l(strcmpv7m.o)
    0x080045dc   0x080045dc   0x0000003e   Code   RO          790    CL$$btod_d2e        c_w.l(btod.o)
    0x0800461a   0x0800461a   0x00000046   Code   RO          792    CL$$btod_d2e_denorm_low  c_w.l(btod.o)
    0x08004660   0x08004660   0x00000060   Code   RO          791    CL$$btod_d2e_norm_op1  c_w.l(btod.o)
    0x080046c0   0x080046c0   0x00000338   Code   RO          800    CL$$btod_div_common  c_w.l(btod.o)
    0x080049f8   0x080049f8   0x000000dc   Code   RO          797    CL$$btod_e2e        c_w.l(btod.o)
    0x08004ad4   0x08004ad4   0x0000002a   Code   RO          794    CL$$btod_ediv       c_w.l(btod.o)
    0x08004afe   0x08004afe   0x0000002a   Code   RO          793    CL$$btod_emul       c_w.l(btod.o)
    0x08004b28   0x08004b28   0x00000244   Code   RO          799    CL$$btod_mult_common  c_w.l(btod.o)
    0x08004d6c   0x08004d6c   0x00000028   Code   RO          826    i.__ARM_fpclassify  m_ws.l(fpclassify.o)
    0x08004d94   0x08004d94   0x0000000e   Code   RO          652    i._is_digit         c_w.l(__printf_wp.o)
    0x08004da2   0x08004da2   0x00000002   PAD
    0x08004da4   0x08004da4   0x0000002c   Code   RO          813    locale$$code        c_w.l(lc_numeric_c.o)
    0x08004dd0   0x08004dd0   0x0000002c   Code   RO          834    locale$$code        c_w.l(lc_ctype_c.o)
    0x08004dfc   0x08004dfc   0x00000004   Code   RO          743    x$fpl$printf1       fz_ws.l(printf1.o)
    0x08004e00   0x08004e00   0x00000000   Code   RO          825    x$fpl$usenofp       fz_ws.l(usenofp.o)
    0x08004e00   0x08004e00   0x000000b1   Data   RO          539    .constdata          usb_desc.o
    0x08004eb1   0x08004eb1   0x00000011   Data   RO          660    .constdata          c_w.l(__printf_flags_ss_wp.o)
    0x08004ec2   0x08004ec2   0x00000002   PAD
    0x08004ec4   0x08004ec4   0x00000008   Data   RO          690    .constdata          c_w.l(_printf_wctomb.o)
    0x08004ecc   0x08004ecc   0x00000028   Data   RO          719    .constdata          c_w.l(_printf_hex_int_ll_ptr.o)
    0x08004ef4   0x08004ef4   0x00000094   Data   RO          788    .constdata          c_w.l(bigflt0.o)
    0x08004f88   0x08004f88   0x00000020   Data   RO          958    Region$$Table       anon$$obj.o
    0x08004fa8   0x08004fa8   0x0000001c   Data   RO          812    locale$$data        c_w.l(lc_numeric_c.o)
    0x08004fc4   0x08004fc4   0x00000110   Data   RO          833    locale$$data        c_w.l(lc_ctype_c.o)


    Execution Region RW_IRAM1 (Exec base: 0x20000000, Load base: 0x080050d4, Size: 0x00000e90, Max: 0x00005000, ABSOLUTE, COMPRESSED[0x00000090])

    Exec Addr    Load Addr    Size         Type   Attr      Idx    E Section Name        Object

    0x20000000   COMPRESSED   0x00000014   Data   RW          204    .data               system_stm32f10x.o
    0x20000014   COMPRESSED   0x00000004   Data   RW          250    .data               delay.o
    0x20000018   COMPRESSED   0x00000006   Data   RW          282    .data               usart.o
    0x2000001e   COMPRESSED   0x00000014   Data   RW          357    .data               stm32f10x_rcc.o
    0x20000032   COMPRESSED   0x00000003   Data   RW          395    .data               usb_core.o
    0x20000035   COMPRESSED   0x00000003   PAD
    0x20000038   COMPRESSED   0x00000014   Data   RW          414    .data               usb_init.o
    0x2000004c   COMPRESSED   0x00000004   Data   RW          436    .data               usb_int.o
    0x20000050   COMPRESSED   0x00000002   Data   RW          497    .data               hw_config.o
    0x20000052   COMPRESSED   0x0000001a   Data   RW          540    .data               usb_desc.o
    0x2000006c   COMPRESSED   0x00000004   Data   RW          554    .data               usb_endp.o
    0x20000070   COMPRESSED   0x00000044   Data   RW          569    .data               usb_istr.o
    0x200000b4   COMPRESSED   0x00000094   Data   RW          587    .data               usb_prop.o
    0x20000148   COMPRESSED   0x0000000c   Data   RW          611    .data               usb_pwr.o
    0x20000154        -       0x000000c8   Zero   RW          281    .bss                usart.o
    0x2000021c        -       0x0000001c   Zero   RW          413    .bss                usb_init.o
    0x20000238        -       0x00000594   Zero   RW          496    .bss                hw_config.o
    0x200007cc        -       0x00000040   Zero   RW          553    .bss                usb_endp.o
    0x2000080c        -       0x00000020   Zero   RW          610    .bss                usb_pwr.o
    0x2000082c        -       0x00000060   Zero   RW          829    .bss                c_w.l(libspace.o)
    0x2000088c   COMPRESSED   0x00000004   PAD
    0x20000890        -       0x00000200   Zero   RW          314    HEAP                startup_stm32f10x_md.o
    0x20000a90        -       0x00000400   Zero   RW          313    STACK               startup_stm32f10x_md.o


==============================================================================

Image component sizes


      Code (inc. data)   RO Data    RW Data    ZI Data      Debug   Object Name

       212         18          0          4          0       1131   delay.o
       900        252          0          2       1428       6441   hw_config.o
        56          6          0          0          0        527   led.o
       384        138          0          0          0     245839   main.o
       220         22          0          0          0       1889   misc.o
        64         26        236          0       1536        828   startup_stm32f10x_md.o
       284         10          0          0          0       2343   stm32f10x_exti.o
       860         38          0          0          0       5821   stm32f10x_gpio.o
        26          0          0          0          0       1222   stm32f10x_it.o
       932         36          0         20          0       9040   stm32f10x_rcc.o
      1032         22          0          0          0       8544   stm32f10x_usart.o
         0          0          0          0          0         32   sys.o
       480         38          0         20          0       1871   system_stm32f10x.o
       320         16          0          6        200       3306   usart.o
      2896        114          0          3          0       8755   usb_core.o
         0          0        177         26          0       1167   usb_desc.o
       220         16          0          4         64       1744   usb_endp.o
        60         24          0         20         28       4354   usb_init.o
       828         34          0          4          0       2103   usb_int.o
       464         38          0         68          0       1747   usb_istr.o
        92          6          0          0          0       1542   usb_mem.o
       576         40          0        148          0       7595   usb_prop.o
       472         32          0         12         32       2951   usb_pwr.o
      2056         20          0          0          0      12121   usb_regs.o
       128          8          0          0          0       1606   usb_sil.o

    ----------------------------------------------------------------------
     13564        954        445        340       3288     334519   Object Totals
         0          0         32          0          0          0   (incl. Generated)
         2          0          0          3          0          0   (incl. Padding)

    ----------------------------------------------------------------------

      Code (inc. data)   RO Data    RW Data    ZI Data      Debug   Library Member Name

        24          4          0          0          0         84   __2printf.o
        90          0          0          0          0          0   __dczerorl2.o
         8          0          0          0          0         68   __main.o
       392          4         17          0          0         92   __printf_flags_ss_wp.o
        14          0          0          0          0         68   __printf_wp.o
         0          0          0          0          0          0   __rtentry.o
        12          0          0          0          0          0   __rtentry2.o
         6          0          0          0          0          0   __rtentry4.o
        52          8          0          0          0          0   __scatter.o
        28          0          0          0          0          0   __scatter_zi.o
         6          0          0          0          0          0   _printf_a.o
         6          0          0          0          0          0   _printf_c.o
        44          0          0          0          0        108   _printf_char.o
        48          6          0          0          0         96   _printf_char_common.o
        36          4          0          0          0         80   _printf_char_file.o
        40          0          0          0          0         68   _printf_charcount.o
         6          0          0          0          0          0   _printf_d.o
       120         16          0          0          0         92   _printf_dec.o
         6          0          0          0          0          0   _printf_e.o
         6          0          0          0          0          0   _printf_f.o
      1054          0          0          0          0        216   _printf_fp_dec.o
       128         16          0          0          0         84   _printf_fp_infnan.o
         6          0          0          0          0          0   _printf_g.o
       148          4         40          0          0        160   _printf_hex_int_ll_ptr.o
         6          0          0          0          0          0   _printf_i.o
       178          0          0          0          0         88   _printf_intcommon.o
        10          0          0          0          0          0   _printf_l.o
         6          0          0          0          0          0   _printf_lc.o
        10          0          0          0          0          0   _printf_ll.o
         6          0          0          0          0          0   _printf_lld.o
         6          0          0          0          0          0   _printf_lli.o
         6          0          0          0          0          0   _printf_llo.o
         6          0          0          0          0          0   _printf_llu.o
         6          0          0          0          0          0   _printf_llx.o
       124         16          0          0          0         92   _printf_longlong_dec.o
         6          0          0          0          0          0   _printf_ls.o
         6          0          0          0          0          0   _printf_n.o
         6          0          0          0          0          0   _printf_o.o
       112         10          0          0          0        124   _printf_oct_int_ll.o
         6          0          0          0          0          0   _printf_p.o
        78          0          0          0          0        108   _printf_pad.o
         0          0          0          0          0          0   _printf_percent.o
         4          0          0          0          0          0   _printf_percent_end.o
         6          0          0          0          0          0   _printf_s.o
        82          0          0          0          0         80   _printf_str.o
        36          0          0          0          0         84   _printf_truncate.o
         6          0          0          0          0          0   _printf_u.o
        44          0          0          0          0        108   _printf_wchar.o
       188          6          8          0          0         92   _printf_wctomb.o
         6          0          0          0          0          0   _printf_x.o
        10          0          0          0          0         68   _sputc.o
        64          0          0          0          0         92   _wcrtomb.o
       228          4        148          0          0         96   bigflt0.o
      1936        128          0          0          0        672   btod.o
        36          4          0          0          0         76   c89vsprintf.o
        18          0          0          0          0         80   exit.o
         8          0          0          0          0         68   ferror.o
         6          0          0          0          0        152   heapauxi.o
        44         10        272          0          0         76   lc_ctype_c.o
        44         10         28          0          0         76   lc_numeric_c.o
         2          0          0          0          0          0   libinit.o
        30          0          0          0          0          0   libinit2.o
         2          0          0          0          0          0   libshutdown.o
         2          0          0          0          0          0   libshutdown2.o
         8          4          0          0         96         68   libspace.o
       138          0          0          0          0         80   lludiv10.o
        16          4          0          0          0         76   rt_ctype_table.o
         8          4          0          0          0         68   rt_locale_intlibspace.o
         2          0          0          0          0          0   rtexit.o
        10          0          0          0          0          0   rtexit2.o
       128          0          0          0          0         68   strcmpv7m.o
        62          0          0          0          0         76   strlen.o
        74          0          0          0          0         80   sys_stackheap_outer.o
         2          0          0          0          0         68   use_no_semi.o
         2          0          0          0          0         68   use_no_semi_2.o
         4          0          0          0          0         68   printf1.o
         0          0          0          0          0          0   usenofp.o
        40          0          0          0          0         68   fpclassify.o

    ----------------------------------------------------------------------
      6168        262        515          0        100       4236   Library Totals
        14          0          2          0          4          0   (incl. Padding)

    ----------------------------------------------------------------------

      Code (inc. data)   RO Data    RW Data    ZI Data      Debug   Library Name

      6110        262        513          0         96       4100   c_w.l
         4          0          0          0          0         68   fz_ws.l
        40          0          0          0          0         68   m_ws.l

    ----------------------------------------------------------------------
      6168        262        515          0        100       4236   Library Totals

    ----------------------------------------------------------------------

==============================================================================


      Code (inc. data)   RO Data    RW Data    ZI Data      Debug   

     19732       1216        960        340       3388     334487   Grand Totals
     19732       1216        960        144       3388     334487   ELF Image Totals (compressed)
     19732       1216        960        144          0          0   ROM Totals

==============================================================================

    Total RO  Size (Code + RO Data)                20692 (  20.21kB)
    Total RW  Size (RW Data + ZI Data)              3728 (   3.64kB)
    Total ROM Size (Code + RO Data + RW Data)      20836 (  20.35kB)

==============================================================================

